▿ ChildComponent2
  - attributeFour: 345.0
  - attributeThree: "Mocked attributeThree"
  ▿ parentProperties: ParentComponent
    ▿ first: Optional<String>
      - some: "Mocked first"
    ▿ second: Optional<String>
      - some: "Mocked second"
    ▿ third: Optional<Int>
      - some: 65
