▿ ChildComponent1
  - attributeOne: "Mocked attributeOne"
  - attributeTwo: Optional<Float>.none
  ▿ parentProperties: ParentComponent
    ▿ first: Optional<String>
      - some: "Mocked first"
    ▿ second: Optional<String>
      - some: "Mocked second"
    ▿ third: Optional<Int>
      - some: 432
