▿ BaseComponent
  - alignement: Alignement.vertical
  ▿ baseDescription: Optional<String>
    - some: "Mocked description"
  ▿ baseName: Optional<String>
    - some: "Mocked name"
