▿ ChildComponent2
  - attributeFour: 345.0
  - attributeThree: "Mocked attributeThree"
  ▿ baseProperties: Optional<BaseComponent>
    ▿ some: BaseComponent
      - alignement: Alignement.horizontal
      ▿ baseDescription: Optional<String>
        - some: "Mocked description"
      ▿ baseName: Optional<String>
        - some: "Mocked name"
