â–¿ ChildComponent2
  - attributeFour: 9230.9
  - attributeThree: "Mocked attributeThree"
  - baseProperties: Optional<BaseComponent>.none
