▿ ChildComponent1
  - attributeOne: "Mocked attributeOne"
  ▿ attributeTwo: Optional<Float>
    - some: 90.9
  ▿ baseProperties: Optional<BaseComponent>
    ▿ some: BaseComponent
      - alignement: Alignement.vertical
      ▿ baseDescription: Optional<String>
        - some: "Mocked description"
      ▿ baseName: Optional<String>
        - some: "Mocked name"
